Executing action: monitor
Running idf_monitor in directory /home/tnvsai/esp/hello_world
Executing "/home/tnvsai/.espressif/python_env/idf5.3_py3.12_env/bin/python /home/tnvsai/esp/esp-idf/tools/idf_monitor.py -p /dev/ttyACM0 -b 115200 --toolchain-prefix riscv32-esp-elf- --target esp32c6 --revision 0 --decode-panic backtrace /home/tnvsai/esp/hello_world/build/hello_world.elf -m '/home/tnvsai/.espressif/python_env/idf5.3_py3.12_env/bin/python' '/home/tnvsai/esp/esp-idf/tools/idf.py' '-p' '/dev/ttyACM0'"...
ESP-ROM:esp32c6-20220919
Build:Sep 19 2022
rst:0x15 (USB_UART_HPSYS),boot:0x7b (SPI_FAST_FLASH_BOOT)
Saved PC:0x408038ea
SPIWP:0xee
mode:DIO, clock div:2
load:0x40875720,len:0x18ec
load:0x4086c110,len:0xe68
load:0x4086e610,len:0x2f50
entry 0x4086c11a
[0;32mI (23) boot: ESP-IDF v5.3.4-402-g13ec3f6f6f 2nd stage bootloader[0m
[0;32mI (23) boot: compile time Nov  1 2025 09:35:46[0m
[0;32mI (24) boot: chip revision: v0.2[0m
[0;32mI (27) boot: efuse block revision: v0.3[0m
[0;32mI (32) boot.esp32c6: SPI Speed      : 80MHz[0m
[0;32mI (36) boot.esp32c6: SPI Mode       : DIO[0m
[0;32mI (41) boot.esp32c6: SPI Flash Size : 2MB[0m
[0;32mI (46) boot: Enabling RNG early entropy source...[0m
[0;32mI (51) boot: Partition Table:[0m
[0;32mI (55) boot: ## Label            Usage          Type ST Offset   Length[0m
[0;32mI (62) boot:  0 nvs              WiFi data        01 02 00009000 00006000[0m
[0;32mI (70) boot:  1 phy_init         RF data          01 01 0000f000 00001000[0m
[0;32mI (77) boot:  2 factory          factory app      00 00 00010000 00100000[0m
[0;32mI (85) boot: End of partition table[0m
[0;32mI (89) esp_image: segment 0: paddr=00010020 vaddr=42018020 size=08be0h ( 35808) map[0m
[0;32mI (104) esp_image: segment 1: paddr=00018c08 vaddr=40800000 size=07410h ( 29712) load[0m
[0;32mI (112) esp_image: segment 2: paddr=00020020 vaddr=42000020 size=1124ch ( 70220) map[0m
[0;32mI (127) esp_image: segment 3: paddr=00031274 vaddr=40807410 size=03b8ch ( 15244) load[0m
[0;32mI (132) esp_image: segment 4: paddr=00034e08 vaddr=4080afa0 size=01874h (  6260) load[0m
[0;32mI (137) boot: Loaded app from partition at offset 0x10000[0m
[0;32mI (139) boot: Disabling RNG early entropy source...[0m
[0;32mI (156) cpu_start: Unicore app[0m
[0;32mI (165) cpu_start: Pro cpu start user code[0m
[0;32mI (165) cpu_start: cpu freq: 160000000 Hz[0m
[0;32mI (166) app_init: Application information:[0m
[0;32mI (168) app_init: Project name:     hello_world[0m
[0;32mI (173) app_init: App version:      1[0m
[0;32mI (177) app_init: Compile time:     Nov  1 2025 09:35:33[0m
[0;32mI (183) app_init: ELF file SHA256:  bc5e2ea08...[0m
[0;32mI (189) app_init: ESP-IDF:          v5.3.4-402-g13ec3f6f6f[0m
[0;32mI (195) efuse_init: Min chip rev:     v0.0[0m
[0;32mI (200) efuse_init: Max chip rev:     v0.99 [0m
[0;32mI (205) efuse_init: Chip rev:         v0.2[0m
[0;32mI (210) heap_init: Initializing. RAM available for dynamic allocation:[0m
[0;32mI (217) heap_init: At 4080D770 len 0006EEA0 (443 KiB): RAM[0m
[0;32mI (223) heap_init: At 4087C610 len 00002F54 (11 KiB): RAM[0m
[0;32mI (229) heap_init: At 50000000 len 00003FE8 (15 KiB): RTCRAM[0m
[0;32mI (236) spi_flash: detected chip: generic[0m
[0;32mI (240) spi_flash: flash io: dio[0m
[0;33mW (244) spi_flash: Detected size(8192k) larger than the size in the binary image header(2048k). Using the size in the binary image header.[0m
[0;32mI (257) sleep: Configure to isolate all GPIO pins in sleep state[0m
[0;32mI (264) sleep: Enable automatic switching of GPIO sleep configuration[0m
[0;32mI (271) coexist: coex firmware version: e5389b2[0m
[0;32mI (276) coexist: coexist rom version 5b8dcfa[0m
[0;32mI (281) main_task: Started on CPU0[0m
[0;32mI (281) main_task: Calling app_main()[0m
Hello world!
This is esp32c6 chip with 1 CPU core(s), WiFi/BLE, 802.15.4 (Zigbee/Thread), silicon revision v0.2, 2MB external flash
Minimum free heap size: 464024 bytes
Restarting in 10 seconds...
Restarting in 9 seconds...
Restarting in 8 seconds...
Restarting in 7 seconds...
Restarting in 6 seconds...
Restarting in 5 seconds...
Restarting in 4 seconds...
Restarting in 3 seconds...
Restarting in 2 seconds...
Restarting in 1 seconds...
Restarting in 0 seconds...
Restarting now.
ESP-ROM:esp32c6-20220919
Build:Sep 19 2022
rst:0xc (SW_CPU),boot:0x7b (SPI_FAST_FLASH_BOOT)
Saved PC:0x4001975a
SPIWP:0xee
mode:DIO, clock div:2
load:0x40875720,len:0x18ec
load:0x4086c110,len:0xe68
load:0x4086e610,len:0x2f50
entry 0x4086c11a
[0;32mI (22) boot: ESP-IDF v5.3.4-402-g13ec3f6f6f 2nd stage bootloader[0m
[0;32mI (23) boot: compile time Nov  1 2025 09:35:46[0m
[0;32mI (24) boot: chip revision: v0.2[0m
[0;32mI (26) boot: efuse block revision: v0.3[0m
[0;32mI (31) boot.esp32c6: SPI Speed      : 80MHz[0m
[0;32mI (35) boot.esp32c6: SPI Mode       : DIO[0m
[0;32mI (40) boot.esp32c6: SPI Flash Size : 2MB[0m
[0;32mI (45) boot: Enabling RNG early entropy source...[0m
[0;32mI (50) boot: Partition Table:[0m
[0;32mI (54) boot: ## Label            Usage          Type ST Offset   Length[0m
[0;32mI (61) boot:  0 nvs              WiFi data        01 02 00009000 00006000[0m
[0;32mI (69) boot:  1 phy_init         RF data          01 01 0000f000 00001000[0m
[0;32mI (76) boot:  2 factory          factory app      00 00 00010000 00100000[0m
[0;32mI (84) boot: End of partition table[0m
[0;32mI (88) esp_image: segment 0: paddr=00010020 vaddr=42018020 size=08be0h ( 35808) map[0m
[0;32mI (110) esp_image: segment 1: paddr=00018c08 vaddr=40800000 size=07410h ( 29712) load[0m
[0;32mI (124) esp_image: segment 2: paddr=00020020 vaddr=42000020 size=1124ch ( 70220) map[0m
[0;32mI (152) esp_image: segment 3: paddr=00031274 vaddr=40807410 size=03b8ch ( 15244) load[0m
[0;32mI (160) esp_image: segment 4: paddr=00034e08 vaddr=4080afa0 size=01874h (  6260) load[0m
[0;32mI (169) boot: Loaded app from partition at offset 0x10000[0m
[0;32mI (170) boot: Disabling RNG early entropy source...[0m
[0;32mI (181) cpu_start: Unicore app[0m
[0;32mI (190) cpu_start: Pro cpu start user code[0m
[0;32mI (191) cpu_start: cpu freq: 160000000 Hz[0m
[0;32mI (191) app_init: Application information:[0m
[0;32mI (193) app_init: Project name:     hello_world[0m
[0;32mI (199) app_init: App version:      1[0m
[0;32mI (203) app_init: Compile time:     Nov  1 2025 09:35:33[0m
[0;32mI (209) app_init: ELF file SHA256:  bc5e2ea08...[0m
[0;32mI (214) app_init: ESP-IDF:          v5.3.4-402-g13ec3f6f6f[0m
[0;32mI (220) efuse_init: Min chip rev:     v0.0[0m
[0;32mI (225) efuse_init: Max chip rev:     v0.99 [0m
[0;32mI (230) efuse_init: Chip rev:         v0.2[0m
[0;32mI (235) heap_init: Initializing. RAM available for dynamic allocation:[0m
[0;32mI (242) heap_init: At 4080D770 len 0006EEA0 (443 KiB): RAM[0m
[0;32mI (248) heap_init: At 4087C610 len 00002F54 (11 KiB): RAM[0m
[0;32mI (254) heap_init: At 50000000 len 00003FE8 (15 KiB): RTCRAM[0m
[0;32mI (261) spi_flash: detected chip: generic[0m
[0;32mI (265) spi_flash: flash io: dio[0m
[0;33mW (269) spi_flash: Detected size(8192k) larger than the size in the binary image header(2048k). Using the size in the binary image header.[0m
[0;32mI (283) sleep: Configure to isolate all GPIO pins in sleep state[0m
[0;32mI (289) sleep: Enable automatic switching of GPIO sleep configuration[0m
[0;32mI (296) coexist: coex firmware version: e5389b2[0m
[0;32mI (302) coexist: coexist rom version 5b8dcfa[0m
[0;32mI (307) main_task: Started on CPU0[0m
[0;32mI (307) main_task: Calling app_main()[0m
Hello world!
This is esp32c6 chip with 1 CPU core(s), WiFi/BLE, 802.15.4 (Zigbee/Thread), silicon revision v0.2, 2MB external flash
Minimum free heap size: 464024 bytes
Restarting in 10 seconds...
Restarting in 9 seconds...
Restarting in 8 seconds...
Restarting in 7 seconds...
Restarting in 6 seconds...
Restarting in 5 seconds...
Restarting in 4 seconds...
Restarting in 3 seconds...
Restarting in 2 seconds...
Restarting in 1 seconds...
Restarting in 0 seconds...
Restarting now.
ESP-ROM:esp32c6-20220919
Build:Sep 19 2022
rst:0xc (SW_CPU),boot:0x7b (SPI_FAST_FLASH_BOOT)
Saved PC:0x4001975a
SPIWP:0xee
mode:DIO, clock div:2
load:0x40875720,len:0x18ec
load:0x4086c110,len:0xe68
load:0x4086e610,len:0x2f50
entry 0x4086c11a
[0;32mI (22) boot: ESP-IDF v5.3.4-402-g13ec3f6f6f 2nd stage bootloader[0m
[0;32mI (23) boot: compile time Nov  1 2025 09:35:46[0m
[0;32mI (24) boot: chip revision: v0.2[0m
[0;32mI (26) boot: efuse block revision: v0.3[0m
[0;32mI (31) boot.esp32c6: SPI Speed      : 80MHz[0m
[0;32mI (35) boot.esp32c6: SPI Mode       : DIO[0m
[0;32mI (40) boot.esp32c6: SPI Flash Size : 2MB[0m
[0;32mI (45) boot: Enabling RNG early entropy source...[0m
[0;32mI (50) boot: Partition Table:[0m
[0;32mI (54) boot: ## Label            Usage          Type ST Offset   Length[0m
[0;32mI (61) boot:  0 nvs              WiFi data        01 02 00009000 00006000[0m
[0;32mI (69) boot:  1 phy_init         RF data          01 01 0000f000 00001000[0m
[0;32mI (76) boot:  2 factory          factory app      00 00 00010000 00100000[0m
[0;32mI (84) boot: End of partition table[0m
[0;32mI (88) esp_image: segment 0: paddr=00010020 vaddr=42018020 size=08be0h ( 35808) map[0m
[0;32mI (110) esp_image: segment 1: paddr=00018c08 vaddr=40800000 size=07410h ( 29712) load[0m
[0;32mI (124) esp_image: segment 2: paddr=00020020 vaddr=42000020 size=1124ch ( 70220) map[0m
[0;32mI (152) esp_image: segment 3: paddr=00031274 vaddr=40807410 size=03b8ch ( 15244) load[0m
[0;32mI (160) esp_image: segment 4: paddr=00034e08 vaddr=4080afa0 size=01874h (  6260) load[0m
[0;32mI (169) boot: Loaded app from partition at offset 0x10000[0m
[0;32mI (170) boot: Disabling RNG early entropy source...[0m
[0;32mI (181) cpu_start: Unicore app[0m
[0;32mI (190) cpu_start: Pro cpu start user code[0m
[0;32mI (191) cpu_start: cpu freq: 160000000 Hz[0m
[0;32mI (191) app_init: Application information:[0m
[0;32mI (193) app_init: Project name:     hello_world[0m
[0;32mI (199) app_init: App version:      1[0m
[0;32mI (203) app_init: Compile time:     Nov  1 2025 09:35:33[0m
[0;32mI (209) app_init: ELF file SHA256:  bc5e2ea08...[0m
[0;32mI (214) app_init: ESP-IDF:          v5.3.4-402-g13ec3f6f6f[0m
[0;32mI (220) efuse_init: Min chip rev:     v0.0[0m
[0;32mI (225) efuse_init: Max chip rev:     v0.99 [0m
[0;32mI (230) efuse_init: Chip rev:         v0.2[0m
[0;32mI (235) heap_init: Initializing. RAM available for dynamic allocation:[0m
[0;32mI (242) heap_init: At 4080D770 len 0006EEA0 (443 KiB): RAM[0m
[0;32mI (248) heap_init: At 4087C610 len 00002F54 (11 KiB): RAM[0m
[0;32mI (254) heap_init: At 50000000 len 00003FE8 (15 KiB): RTCRAM[0m
[0;32mI (262) spi_flash: detected chip: generic[0m
[0;32mI (265) spi_flash: flash io: dio[0m
[0;33mW (269) spi_flash: Detected size(8192k) larger than the size in the binary image header(2048k). Using the size in the binary image header.[0m
[0;32mI (283) sleep: Configure to isolate all GPIO pins in sleep state[0m
[0;32mI (289) sleep: Enable automatic switching of GPIO sleep configuration[0m
[0;32mI (296) coexist: coex firmware version: e5389b2[0m
[0;32mI (302) coexist: coexist rom version 5b8dcfa[0m
[0;32mI (307) main_task: Started on CPU0[0m
[0;32mI (307) main_task: Calling app_main()[0m
Hello world!
This is esp32c6 chip with 1 CPU core(s), WiFi/BLE, 802.15.4 (Zigbee/Thread), silicon revision v0.2, 2MB external flash
Minimum free heap size: 464024 bytes
Restarting in 10 seconds...
Restarting in 9 seconds...
Restarting in 8 seconds...
